// Jest Snapshot v1, https://goo.gl/fbAQLP

exports[`common header component should render correctly 1`] = `
<div
  className="header"
>
  POPULATrans
</div>
`;
