// Jest Snapshot v1, https://goo.gl/fbAQLP

exports[`common h1 component should render correctly 1`] = `
<div
  className="h1"
>
  <h1
    className="text"
  >
    テスト
  </h1>
  <div
    className="underline"
  />
</div>
`;
